// Jest Snapshot v1, https://goo.gl/fbAQLP

exports[`Components | <WindSection /> with data should render correctly 1`] = `
<DocumentFragment>
  <div
    class="weather-section__wind"
  >
    <h3
      class="weather-section__direction"
    >
      SW
    </h3>
    <h1
      class="weather-section__value"
    >
      5 km/h
    </h1>
    <div>
      winds
    </div>
  </div>
</DocumentFragment>
`;

exports[`Components | <WindSection /> with no data should render correctly 1`] = `<DocumentFragment />`;
